Microchip Technology Inc, v1.70 (B)

Tool Name:
  c:\program files\microchip\xc16\v1.70\bin\bin\..\bin/elf-ld.exe

Command:
  -p24FJ128GA705 \
  --mdfp=C:/Program Files (x86)/Microchip/MPLABX/v5.40/packs/Microchip/PIC24F-GA-GB_DFP/1.3.109/xc16 \
  -o \
  dist/default/production/pic24MQTT_NewBaud.X.production.elf \
  -Lc:/program files/microchip/xc16/v1.70/bin/bin/.. \
  -LC:/Program Files (x86)/Microchip/MPLABX/v5.40/packs/Microchip/PIC24F-GA-GB_DFP/1.3.109/xc16/bin/../support/PIC24F/gld \
  -Lc:/program files/microchip/xc16/v1.70/bin/bin/../../lib \
  -Lc:/program files/microchip/xc16/v1.70/bin/bin/../../support/PIC24E/gld \
  -Lc:/program files/microchip/xc16/v1.70/bin/bin/../../support/PIC24F/gld \
  -Lc:/program files/microchip/xc16/v1.70/bin/bin/../../support/PIC24H/gld \
  -Lc:/program files/microchip/xc16/v1.70/bin/bin/../../support/dsPIC30F/gld \
  -Lc:/program files/microchip/xc16/v1.70/bin/bin/../../support/dsPIC33C/gld \
  -Lc:/program files/microchip/xc16/v1.70/bin/bin/../../support/dsPIC33E/gld \
  -Lc:/program files/microchip/xc16/v1.70/bin/bin/../../support/dsPIC33F/gld \
  build/default/production/app_init.o \
  build/default/production/build_MQTT_packets.o \
  build/default/production/cmd_interface.o \
  build/default/production/mcc_generated_files/drivers/timeout.o \
  build/default/production/mcc_generated_files/drivers/spi_master.o \
  build/default/production/mcc_generated_files/drivers/uart.o \
  build/default/production/mcc_generated_files/examples/winc_example.o \
  build/default/production/mcc_generated_files/examples/uart_example.o \
  build/default/production/mcc_generated_files/examples/mqtt_example.o \
  build/default/production/mcc_generated_files/mqtt/mqtt_comm_bsd/mqtt_comm_layer.o \
  build/default/production/mcc_generated_files/mqtt/mqtt_core/mqtt_core.o \
  build/default/production/mcc_generated_files/mqtt/mqtt_exchange_buffer/mqtt_exchange_buffer.o \
  build/default/production/mcc_generated_files/mqtt/mqtt_packetTransfer_interface.o \
  build/default/production/mcc_generated_files/mqtt/mqtt_winc_adapter.o \
  build/default/production/mcc_generated_files/winc/driver/winc_hif.o \
  build/default/production/mcc_generated_files/winc/driver/winc_drv.o \
  build/default/production/mcc_generated_files/winc/driver/winc_spi.o \
  build/default/production/mcc_generated_files/winc/driver/winc_asic.o \
  build/default/production/mcc_generated_files/winc/driver/winc_adapter.o \
  build/default/production/mcc_generated_files/winc/m2m/m2m_ssl.o \
  build/default/production/mcc_generated_files/winc/m2m/m2m_ota.o \
  build/default/production/mcc_generated_files/winc/m2m/m2m_crypto.o \
  build/default/production/mcc_generated_files/winc/m2m/m2m_periph.o \
  build/default/production/mcc_generated_files/winc/m2m/m2m_wifi.o \
  build/default/production/mcc_generated_files/winc/m2m/m2m_fwinfo.o \
  build/default/production/mcc_generated_files/winc/socket/socket.o \
  build/default/production/mcc_generated_files/winc/spi_flash/spi_flash.o \
  build/default/production/mcc_generated_files/winc/spi_flash/flexible_flash.o \
  build/default/production/mcc_generated_files/pin_manager.o \
  build/default/production/mcc_generated_files/clock.o \
  build/default/production/mcc_generated_files/mcc.o \
  build/default/production/mcc_generated_files/system.o \
  build/default/production/mcc_generated_files/interrupt_manager.o \
  build/default/production/mcc_generated_files/traps.o \
  build/default/production/mcc_generated_files/uart1.o \
  build/default/production/mcc_generated_files/tmr1.o \
  build/default/production/mcc_generated_files/delay.o \
  build/default/production/mcc_generated_files/spi1_driver.o \
  build/default/production/mcc_generated_files/oc1.o \
  build/default/production/mcc_generated_files/tmr2.o \
  build/default/production/MQTT_pub_cb.o \
  build/default/production/ping_callback.o \
  build/default/production/socket_callback.o \
  build/default/production/state_control.o \
  build/default/production/wifi_callback.o \
  build/default/production/main.o \
  --local-stack \
  --defsym=__MPLAB_BUILD=1 \
  -Tp24FJ128GA705.gld.00 \
  --stack=16 \
  --check-sections \
  --data-init \
  --pack-data \
  --handles \
  --isr \
  --no-gc-sections \
  --fill-upper=0 \
  --stackguard=16 \
  --no-force-link \
  --smart-io \
  -Map=dist/default/production/pic24MQTT_NewBaud.X.production.map \
  --report-mem \
  --memorysummary \
  dist/default/production/memoryfile.xml \
  -start-group \
  --library=lega-pic30-elf \
  --library=m-elf \
  --library=lega-c-elf \
  -end-group \


Optional library libpPIC24Fxxx.a not found
Archive member included because of file (symbol)

c:/program files/microchip/xc16/v1.70/bin/bin/../../lib\liblega-pic30-elf.a(crt0_extended24.o)
                              (__resetPRI)
c:/program files/microchip/xc16/v1.70/bin/bin/../../lib\liblega-pic30-elf.a(data_init_24.o)
[...]
Memory Configuration

Name             Origin             Length             Attributes
data             0x000800           0x004000           a !xr
reset            0x000000           0x000004  
ivt              0x000004           0x0000fc  
program          0x000100           0x015e00           xr
FSEC             0x015f00           0x000002  
FBSLIM           0x015f10           0x000002  
FSIGN            0x015f14           0x000002  
FOSCSEL          0x015f18           0x000002  
FOSC             0x015f1c           0x000002  
FWDT             0x015f20           0x000002  
FPOR             0x015f24           0x000002  
FICD             0x015f28           0x000002  
FDEVOPT1         0x015f2c           0x000002  
*default*        0x000000           0xffffffff  

Linker script and memory map

LOAD build/default/production/app_init.o
LOAD build/default/production/build_MQTT_packets.o
LOAD build/default/production/cmd_interface.o
LOAD build/default/production/mcc_generated_files/drivers/timeout.o
LOAD build/default/production/mcc_generated_files/drivers/spi_master.o
LOAD build/default/production/mcc_generated_files/drivers/uart.o
LOAD build/default/production/mcc_generated_files/examples/winc_example.o
LOAD build/default/production/mcc_generated_files/examples/uart_example.o
LOAD build/default/production/mcc_generated_files/examples/mqtt_example.o
LOAD build/default/production/mcc_generated_files/mqtt/mqtt_comm_bsd/mqtt_comm_layer.o
LOAD build/default/production/mcc_generated_files/mqtt/mqtt_core/mqtt_core.o
LOAD build/default/production/mcc_generated_files/mqtt/mqtt_exchange_buffer/mqtt_exchange_buffer.o
LOAD build/default/production/mcc_generated_files/mqtt/mqtt_packetTransfer_interface.o
LOAD build/default/production/mcc_generated_files/mqtt/mqtt_winc_adapter.o
LOAD build/default/production/mcc_generated_files/winc/driver/winc_hif.o
LOAD build/default/production/mcc_generated_files/winc/driver/winc_drv.o
LOAD build/default/production/mcc_generated_files/winc/driver/winc_spi.o
LOAD build/default/production/mcc_generated_files/winc/driver/winc_asic.o
LOAD build/default/production/mcc_generated_files/winc/driver/winc_adapter.o
LOAD build/default/production/mcc_generated_files/winc/m2m/m2m_ssl.o
LOAD build/default/production/mcc_generated_files/winc/m2m/m2m_ota.o
LOAD build/default/production/mcc_generated_files/winc/m2m/m2m_crypto.o
LOAD build/default/production/mcc_generated_files/winc/m2m/m2m_periph.o
LOAD build/default/production/mcc_generated_files/winc/m2m/m2m_wifi.o
LOAD build/default/production/mcc_generated_files/winc/m2m/m2m_fwinfo.o
LOAD build/default/production/mcc_generated_files/winc/socket/socket.o
LOAD build/default/production/mcc_generated_files/winc/spi_flash/spi_flash.o
LOAD build/default/production/mcc_generated_files/winc/spi_flash/flexible_flash.o
LOAD build/default/production/mcc_generated_files/pin_manager.o
LOAD build/default/production/mcc_generated_files/clock.o
LOAD build/default/production/mcc_generated_files/mcc.o
LOAD build/default/production/mcc_generated_files/system.o
LOAD build/default/production/mcc_generated_files/interrupt_manager.o
LOAD build/default/production/mcc_generated_files/traps.o
LOAD build/default/production/mcc_generated_files/uart1.o
LOAD build/default/production/mcc_generated_files/tmr1.o
LOAD build/default/production/mcc_generated_files/delay.o
LOAD build/default/production/mcc_generated_files/spi1_driver.o
LOAD build/default/production/mcc_generated_files/oc1.o
LOAD build/default/production/mcc_generated_files/tmr2.o
LOAD build/default/production/MQTT_pub_cb.o
LOAD build/default/production/ping_callback.o
LOAD build/default/production/socket_callback.o
LOAD build/default/production/state_control.o
LOAD build/default/production/wifi_callback.o
LOAD build/default/production/main.o
                    0x0001                  __MPLAB_BUILD = 0x1
LOAD pPIC24Fxxx
LOAD c:/program files/microchip/xc16/v1.70/bin/bin/../../lib\libfx-elf.a
                    0x15f00                  __FSEC = 0x15f00
                    0x15f10                  __FBSLIM = 0x15f10
                    0x15f14                  __FSIGN = 0x15f14
                    0x15f18                  __FOSCSEL = 0x15f18
                    0x15f1c                  __FOSC = 0x15f1c
                    0x15f20                  __FWDT = 0x15f20
                    0x15f24                  __FPOR = 0x15f24
                    0x15f28                  __FICD = 0x15f28
                    0x15f2c                  __FDEVOPT1 = 0x15f2c
                    0x0100                  __CODE_BASE = 0x100
                    0x15e00                  __CODE_LENGTH = 0x15e00
                    0x0004                  __IVT_BASE = 0x4
                    0x0800                  __DATA_BASE = 0x800
                    0x4000                  __DATA_LENGTH = 0x4000

.reset            0x000000          0x4
                  0x000000          0x2 SHORT 0x100 ABSOLUTE (__reset)
                  0x000001          0x2 SHORT 0x4
                  0x000002          0x2 SHORT 0x0 ((ABSOLUTE (__reset) >> 0x10) & 0x7f)
                  0x000003          0x2 SHORT 0x0

.text             0x000100       0x183c
 *(.init)
 .init            0x000100         0x4c c:/program files/microchip/xc16/v1.70/bin/bin/../../lib\liblega-pic30-elf.a(crt0_extended24.o)
                  0x000100                  __resetPRI
                  0x000100                  __reset
                  0x00013c                  __psv_init
 .init            0x00014c         0xb8 c:/program files/microchip/xc16/v1.70/bin/bin/../../lib\liblega-pic30-elf.a(data_init_24.o)
                  0x000152                  __data_init
                  0x000152                  __data_init_da
 *(.user_init)
 *(.handle)
 .handle          0x000204         0xf0 jump_table
 *(.isr*)
 .isr.text        0x0002f4         0x3a build/default/production/mcc_generated_files/pin_manager.o
                  0x0002f4                  __IOCInterrupt
 .isr.text        0x00032e         0xa2 build/default/production/mcc_generated_files/traps.o
                  0x00032e                  __OscillatorFail
                  0x00034e                  __StackError
                  0x000370                  __AddressError
                  0x000390                  __MathError
                  0x0003b0                  __NVMError
 .isr.text        0x0003d0         0xd8 build/default/production/mcc_generated_files/uart1.o
                  0x0003d0                  __U1TXInterrupt
                  0x00042c                  __U1RXInterrupt
                  0x000492                  __U1ErrInterrupt
 .isr.text        0x0004a8         0x36 build/default/production/mcc_generated_files/tmr1.o
                  0x0004a8                  __T1Interrupt
 .isr.text        0x0004de         0x36 build/default/production/mcc_generated_files/tmr2.o
                  0x0004de                  __T2Interrupt
 .isr             0x000514          0x4 default_isr
                  0x000514                  __DefaultInterrupt
 *(.libc)
 .libc            0x000518         0x84 c:/program files/microchip/xc16/v1.70/bin/bin/../../lib\liblega-pic30-elf.a(writeda.Leo)
                  0x000518                  _write
 .libc            0x00059c         0x12 c:/program files/microchip/xc16/v1.70/bin/bin/../../lib\liblega-pic30-elf.a(removeda.Leo)
                  0x00059c                  _remove
 .libc            0x0005ae         0x28 c:/program files/microchip/xc16/v1.70/bin/bin/../../lib\liblega-pic30-elf.a(sbrkda.Leo)
                  0x0005ae                  _sbrk
 .libc            0x0005d6         0x1a c:/program files/microchip/xc16/v1.70/bin/bin/../../lib\liblega-pic30-elf.a(brkda.Lelo)
                  0x0005d6                  _brk
 *(.libm)
 *(.libdsp)
 *(.lib*)
 .libpic30_crt_start_mode
                  0x0005f0          0x2 c:/program files/microchip/xc16/v1.70/bin/bin/../../lib\liblega-pic30-elf.a(crt_start_mode_normalda.Leo)
                  0x0005f0                  __crt_start_mode
                  0x0005f0                  __crt_start_mode_normal
 .libm.divsi3     0x0005f2         0x1e c:/program files/microchip/xc16/v1.70/bin/bin/../../lib\libm-elf.a(divsi3.daeo)
                  0x0005f2                  ___divsi3
 .libm.udivsi3    0x000610         0x20 c:/program files/microchip/xc16/v1.70/bin/bin/../../lib\libm-elf.a(udivsi3.daeo)
                  0x000610                  ___udivsi3
 .libc.atoi       0x000630          0x6 c:/program files/microchip/xc16/v1.70/bin/bin/../../lib\liblega-c-elf.a(atoi.DA_eo)
                  0x000630                  _atoi
 .libc.memcpy     0x000636          0xe c:/program files/microchip/xc16/v1.70/bin/bin/../../lib\liblega-c-elf.a(memcpy.DA_eo)
                  0x000636                  _memcpy
 .libc.memset     0x000644          0xe c:/program files/microchip/xc16/v1.70/bin/bin/../../lib\liblega-c-elf.a(memset.DA_eo)
                  0x000644                  _memset
 .libc.putchar    0x000652          0x4 c:/program files/microchip/xc16/v1.70/bin/bin/../../lib\liblega-c-elf.a(putchar.DA_eo)
                  0x000652                  _putchar
 .libc.puts       0x000656         0x16 c:/program files/microchip/xc16/v1.70/bin/bin/../../lib\liblega-c-elf.a(puts.DA_eo)
                  0x000656                  _puts
 .libc.strcmp     0x00066c         0x20 c:/program files/microchip/xc16/v1.70/bin/bin/../../lib\liblega-c-elf.a(strcmp.DA_eo)
                  0x00066c                  _strcmp
 .libc.strlen     0x00068c          0xc c:/program files/microchip/xc16/v1.70/bin/bin/../../lib\liblega-c-elf.a(strlen.DA_eo)
                  0x00068c                  _strlen
 .libc.strtok     0x000698         0x34 c:/program files/microchip/xc16/v1.70/bin/bin/../../lib\liblega-c-elf.a(strtok.DA_eo)
                  0x000698                  _strtok
 .libc._Stoul     0x0006cc        0x138 c:/program files/microchip/xc16/v1.70/bin/bin/../../lib\liblega-c-elf.a(xstoul.DA_eo)
                  0x0006cc                  __Stoul
 .libc.isspace    0x000804         0x10 c:/program files/microchip/xc16/v1.70/bin/bin/../../lib\liblega-c-elf.a(isspace.DA_elso)
                  0x000804                  _isspace
 .libc.tolower    0x000814          0xe c:/program files/microchip/xc16/v1.70/bin/bin/../../lib\liblega-c-elf.a(tolower.DA_elso)
                  0x000814                  _tolower
 .libc._Geterrno
                  0x000822          0xc c:/program files/microchip/xc16/v1.70/bin/bin/../../lib\liblega-c-elf.a(errno.DA_elo)
                  0x000822                  __Geterrno
 .libc.fputc      0x00082e         0x4e c:/program files/microchip/xc16/v1.70/bin/bin/../../lib\liblega-c-elf.a(fputc.DA_elo)
                  0x00082e                  _fputc
 .libc.prout      0x00087c         0x1c c:/program files/microchip/xc16/v1.70/bin/bin/../../lib\liblega-c-elf.a(printf_cdnopsuxX.DAeo)
                  0x00087c                  printf_cdnopsuxX.DAeo:_prout
 .libc._printf_cdnopsuxX
                  0x000898         0x10 c:/program files/microchip/xc16/v1.70/bin/bin/../../lib\liblega-c-elf.a(printf_cdnopsuxX.DAeo)
                  0x000898                  __printf_0
                  0x000898                  __printf_s
                  0x000898                  __printf_cdnopuxX
                  0x000898                  __printf_cdnopsuxX
 .libc.eprout     0x0008a8         0x1e c:/program files/microchip/xc16/v1.70/bin/bin/../../lib\liblega-c-elf.a(xprintf_cdnopsuxX.DAeo)
                  0x0008a8                  xprintf_cdnopsuxX.DAeo:_eprout
 .libc.__ePrintf_cdnopsuxX
                  0x0008c6        0x176 c:/program files/microchip/xc16/v1.70/bin/bin/../../lib\liblega-c-elf.a(xprintf_cdnopsuxX.DAeo)
                  0x0008c6                  ___ePrintf_cdnopsuxX
 .libc.__Printf_cdnopsuxX
                  0x000a3c          0xa c:/program files/microchip/xc16/v1.70/bin/bin/../../lib\liblega-c-elf.a(xprintf_cdnopsuxX.DAeo)
                  0x000a3c                  ___Printf_s
                  0x000a3c                  ___Printf_cdnopuxX
                  0x000a3c                  ___Printf_cdnopsuxX
 .libc.__Putfld_cdnopsuxX
                  0x000a46        0x294 c:/program files/microchip/xc16/v1.70/bin/bin/../../lib\liblega-c-elf.a(xputfld_cdnopsuxX.DAeo)
                  0x000a46                  ___Putfld_cdnopuxX
                  0x000a46                  ___Putfld_cdnopsuxX
                  0x000a46                  ___Putfld_s
 .libc._DNKfflush
                  0x000cda         0x76 c:/program files/microchip/xc16/v1.70/bin/bin/../../lib\liblega-c-elf.a(fflush.DA_eo)
                  0x000cda                  __DNKfflush
 .libc.fputs      0x000d50         0x90 c:/program files/microchip/xc16/v1.70/bin/bin/../../lib\liblega-c-elf.a(fputs.DA_eo)
                  0x000d50                  _fputs
 .libc.fwrite     0x000de0         0xa8 c:/program files/microchip/xc16/v1.70/bin/bin/../../lib\liblega-c-elf.a(fwrite.DA_eo)
                  0x000de0                  _fwrite
 .libc.memchr     0x000e88         0x14 c:/program files/microchip/xc16/v1.70/bin/bin/../../lib\liblega-c-elf.a(memchr.DA_eo)
                  0x000e88                  _memchr
 .libc.strchr     0x000e9c         0x18 c:/program files/microchip/xc16/v1.70/bin/bin/../../lib\liblega-c-elf.a(strchr.DA_eo)
                  0x000e9c                  _strchr
 .libc.strcspn    0x000eb4         0x22 c:/program files/microchip/xc16/v1.70/bin/bin/../../lib\liblega-c-elf.a(strcspn.DA_eo)
                  0x000eb4                  _strcspn
 .libc.strrchr    0x000ed6         0x14 c:/program files/microchip/xc16/v1.70/bin/bin/../../lib\liblega-c-elf.a(strrchr.DA_eo)
                  0x000ed6                  _strrchr
 .libc.strspn     0x000eea         0x20 c:/program files/microchip/xc16/v1.70/bin/bin/../../lib\liblega-c-elf.a(strspn.DA_eo)
                  0x000eea                  _strspn
 .libc._Fwprep    0x000f0a         0x8e c:/program files/microchip/xc16/v1.70/bin/bin/../../lib\liblega-c-elf.a(xfwprep.DA_eo)
                  0x000f0a                  __Fwprep
 .libc._Litob     0x000f98        0x25e c:/program files/microchip/xc16/v1.70/bin/bin/../../lib\liblega-c-elf.a(xlitob.DA_eo)
                  0x000f98                  __Litob
 .libc._Puttxt    0x0011f6        0x1b4 c:/program files/microchip/xc16/v1.70/bin/bin/../../lib\liblega-c-elf.a(xputtxt.DA_eo)
                  0x0011f6                  __Puttxt
 .libc._Vacopy    0x0013aa          0x4 c:/program files/microchip/xc16/v1.70/bin/bin/../../lib\liblega-c-elf.a(xvacopy.DA_eo)
                  0x0013aa                  __Vacopy
 .libc.efwrite    0x0013ae         0xd8 c:/program files/microchip/xc16/v1.70/bin/bin/../../lib\liblega-c-elf.a(efwrite.DA_eo)
                  0x0013ae                  _efwrite
 .libc.closeallreg
                  0x001486          0x4 c:/program files/microchip/xc16/v1.70/bin/bin/../../lib\liblega-c-elf.a(fclose.DA_elo)
 .libc._Closreg
                  0x00148a         0x12 c:/program files/microchip/xc16/v1.70/bin/bin/../../lib\liblega-c-elf.a(fclose.DA_elo)
                  0x00148a                  __Closreg
 .libc.fclose     0x00149c         0x90 c:/program files/microchip/xc16/v1.70/bin/bin/../../lib\liblega-c-elf.a(fclose.DA_elo)
                  0x00149c                  _fclose
 .libc.closeall
                  0x00152c         0x20 c:/program files/microchip/xc16/v1.70/bin/bin/../../lib\liblega-c-elf.a(fclose.DA_elo)
                  0x00152c                  fclose.DA_elo:_closeall
 .libc._Atexit    0x00154c         0x18 c:/program files/microchip/xc16/v1.70/bin/bin/../../lib\liblega-c-elf.a(xatexit.DA_elo)
                  0x00154c                  __Atexit
 .libc.free       0x001564         0x64 c:/program files/microchip/xc16/v1.70/bin/bin/../../lib\liblega-c-elf.a(free.DA_eo)
                  0x001564                  _free
 .libc.findmem    0x0015c8         0x66 c:/program files/microchip/xc16/v1.70/bin/bin/../../lib\liblega-c-elf.a(malloc.DA_eo)
 .libc.malloc     0x00162e         0x54 c:/program files/microchip/xc16/v1.70/bin/bin/../../lib\liblega-c-elf.a(malloc.DA_eo)
                  0x00162e                  _malloc
 .libc._Getmem    0x001682         0x14 c:/program files/microchip/xc16/v1.70/bin/bin/../../lib\liblega-c-elf.a(xgetmem.DA_eo)
                  0x001682                  __Getmem
 .libc.dowrite    0x001696          0x4 c:/program files/microchip/xc16/v1.70/bin/bin/../../lib\liblega-pic30-elf.a(writeda.Leo)
 .libc.doremove
                  0x00169a          0x4 c:/program files/microchip/xc16/v1.70/bin/bin/../../lib\liblega-pic30-elf.a(removeda.Leo)
 .libc.memcpy_eds
                  0x00169e         0x52 c:/program files/microchip/xc16/v1.70/bin/bin/../../lib\liblega-pic30-elf.a(memcpy_edsda.Leo)
                  0x00169e                  __memcpy_eds_3
                  0x00169e                  __memcpy_eds
 .libc._memchr_eds
                  0x0016f0         0x36 c:/program files/microchip/xc16/v1.70/bin/bin/../../lib\liblega-pic30-elf.a(memchr_edsda.Leo)
                  0x0016f0                  __memchr_eds
 .libm.umodsi3    0x001726          0x6 c:/program files/microchip/xc16/v1.70/bin/bin/../../lib\libm-elf.a(umodsi3.daeo)
                  0x001726                  ___umodsi3
 .libm.mulsi3     0x00172c          0xc c:/program files/microchip/xc16/v1.70/bin/bin/../../lib\libm-elf.a(mulsi3.daeo)
                  0x00172c                  ___mulp32peds3
                  0x00172c                  ___mulsi3
                  0x00172c                  ___mulp32eds3
 .libm.__PplusBdi
                  0x001738         0x26 c:/program files/microchip/xc16/v1.70/bin/bin/../../lib\libm-elf.a(divmoddi3.daeo)
 .libm.__PminusBdi
                  0x00175e         0x26 c:/program files/microchip/xc16/v1.70/bin/bin/../../lib\libm-elf.a(divmoddi3.daeo)
 .libm.__udivmoddi3
                  0x001784         0xe6 c:/program files/microchip/xc16/v1.70/bin/bin/../../lib\libm-elf.a(divmoddi3.daeo)
                  0x001784                  ___udivmoddi3
 .libm.__udivdi3
                  0x00186a          0xe c:/program files/microchip/xc16/v1.70/bin/bin/../../lib\libm-elf.a(divmoddi3.daeo)
                  0x00186a                  ___udivdi3
 .libm.__umoddi3
                  0x001878          0x8 c:/program files/microchip/xc16/v1.70/bin/bin/../../lib\libm-elf.a(divmoddi3.daeo)
                  0x001878                  ___umoddi3
 .libm.__divdi3
                  0x001880         0x60 c:/program files/microchip/xc16/v1.70/bin/bin/../../lib\libm-elf.a(divmoddi3.daeo)
                  0x001880                  ___divdi3
 .libm.__moddi3
                  0x0018e0         0x5c c:/program files/microchip/xc16/v1.70/bin/bin/../../lib\libm-elf.a(divmoddi3.daeo)
                  0x0018e0                  ___moddi3

usercode
 *(usercode)

__FSEC            0x015f00          0x2
 *(__FSEC.sec*)
 __FSEC.sec       0x015f00          0x2 /CW/_FSEC
                  0x015f00                  __FSEC.sec

__FBSLIM
 *(__FBSLIM.sec*)

__FSIGN
 *(__FSIGN.sec*)

__FOSCSEL
 *(__FOSCSEL.sec*)

__FOSC
 *(__FOSC.sec*)

__FWDT
 *(__FWDT.sec*)

__FPOR
 *(__FPOR.sec*)

__FICD
 *(__FICD.sec*)

__FDEVOPT1
 *(__FDEVOPT1.sec*)

.comment          0x000000         0x5e
 *(.comment)
 .comment         0x000000         0x5e c:/program files/microchip/xc16/v1.70/bin/bin/../../lib\liblega-c-elf.a(xfiles.DA_eo)

.debug_info       0x000000      0x1eb53
 *(.debug_info)
 .debug_info      0x000000        0xbf7 build/default/production/app_init.o
 .debug_info      0x000bf7        0x904 build/default/production/build_MQTT_packets.o
 .debug_info      0x0014fb        0xbca build/default/production/cmd_interface.o
 .debug_info      0x0020c5        0xbc5 build/default/production/mcc_generated_files/drivers/timeout.o
 .debug_info      0x002c8a        0x3cc build/default/production/mcc_generated_files/drivers/spi_master.o
 .debug_info      0x003056        0x28d build/default/production/mcc_generated_files/drivers/uart.o
 .debug_info      0x0032e3        0x959 build/default/production/mcc_generated_files/examples/winc_example.o
 .debug_info      0x003c3c        0x335 build/default/production/mcc_generated_files/examples/uart_example.o
 .debug_info      0x003f71       0x1d9d build/default/production/mcc_generated_files/examples/mqtt_example.o
 .debug_info      0x005d0e        0x49f build/default/production/mcc_generated_files/mqtt/mqtt_comm_bsd/mqtt_comm_layer.o
 .debug_info      0x0061ad       0x2058 build/default/production/mcc_generated_files/mqtt/mqtt_core/mqtt_core.o
 .debug_info      0x008205        0x3ad build/default/production/mcc_generated_files/mqtt/mqtt_exchange_buffer/mqtt_exchange_buffer.o
 .debug_info      0x0085b2        0x260 build/default/production/mcc_generated_files/mqtt/mqtt_packetTransfer_interface.o
 .debug_info      0x008812       0x1b53 build/default/production/mcc_generated_files/mqtt/mqtt_winc_adapter.o
 .debug_info      0x00a365        0x616 build/default/production/mcc_generated_files/winc/driver/winc_hif.o
 .debug_info      0x00a97b        0x246 build/default/production/mcc_generated_files/winc/driver/winc_drv.o
 .debug_info      0x00abc1        0x869 build/default/production/mcc_generated_files/winc/driver/winc_spi.o
 .debug_info      0x00b42a        0x51a build/default/production/mcc_generated_files/winc/driver/winc_asic.o
 .debug_info      0x00b944        0xbf5 build/default/production/mcc_generated_files/winc/driver/winc_adapter.o
 .debug_info      0x00c539        0xbdb build/default/production/mcc_generated_files/winc/m2m/m2m_ssl.o
 .debug_info      0x00d114       0x141a build/default/production/mcc_generated_files/winc/m2m/m2m_ota.o
 .debug_info      0x00e52e        0x163 build/default/production/mcc_generated_files/winc/m2m/m2m_crypto.o
 .debug_info      0x00e691        0x163 build/default/production/mcc_generated_files/winc/m2m/m2m_periph.o
 .debug_info      0x00e7f4       0x4672 build/default/production/mcc_generated_files/winc/m2m/m2m_wifi.o
 .debug_info      0x012e66        0x4b6 build/default/production/mcc_generated_files/winc/m2m/m2m_fwinfo.o
 .debug_info      0x01331c       0x202b build/default/production/mcc_generated_files/winc/socket/socket.o
 .debug_info      0x015347        0x6cd build/default/production/mcc_generated_files/winc/spi_flash/spi_flash.o
 .debug_info      0x015a14        0x2bb build/default/production/mcc_generated_files/winc/spi_flash/flexible_flash.o
 .debug_info      0x015ccf        0xe3f build/default/production/mcc_generated_files/pin_manager.o
 .debug_info      0x016b0e        0x368 build/default/production/mcc_generated_files/clock.o
 .debug_info      0x016e76        0x351 build/default/production/mcc_generated_files/system.o
 .debug_info      0x0171c7        0xd01 build/default/production/mcc_generated_files/interrupt_manager.o
 .debug_info      0x017ec8        0x423 build/default/production/mcc_generated_files/traps.o
 .debug_info      0x0182eb       0x10eb build/default/production/mcc_generated_files/uart1.o
 .debug_info      0x0193d6        0x9a3 build/default/production/mcc_generated_files/tmr1.o
 .debug_info      0x019d79        0x1cc build/default/production/mcc_generated_files/delay.o
 .debug_info      0x019f45        0xbdc build/default/production/mcc_generated_files/spi1_driver.o
 .debug_info      0x01ab21        0xa37 build/default/production/mcc_generated_files/oc1.o
 .debug_info      0x01b558        0x966 build/default/production/mcc_generated_files/tmr2.o
 .debug_info      0x01bebe        0x4e2 build/default/production/MQTT_pub_cb.o
 .debug_info      0x01c3a0        0x63c build/default/production/ping_callback.o
 .debug_info      0x01c9dc        0xb90 build/default/production/socket_callback.o
 .debug_info      0x01d56c        0x352 build/default/production/state_control.o
 .debug_info      0x01d8be        0x703 build/default/production/wifi_callback.o
 .debug_info      0x01dfc1        0xb92 build/default/production/main.o
 *(.gnu.linkonce.wi.*)

.debug_abbrev     0x000000       0x3870
 *(.debug_abbrev)
 .debug_abbrev    0x000000        0x186 build/default/production/app_init.o
 .debug_abbrev    0x000186        0x176 build/default/production/build_MQTT_packets.o
 .debug_abbrev    0x0002fc        0x1ff build/default/production/cmd_interface.o
 .debug_abbrev    0x0004fb        0x221 build/default/production/mcc_generated_files/drivers/timeout.o
 .debug_abbrev    0x00071c        0x102 build/default/production/mcc_generated_files/drivers/spi_master.o
 .debug_abbrev    0x00081e         0x9b build/default/production/mcc_generated_files/drivers/uart.o
 .debug_abbrev    0x0008b9        0x142 build/default/production/mcc_generated_files/examples/winc_example.o
 .debug_abbrev    0x0009fb         0xed build/default/production/mcc_generated_files/examples/uart_example.o
 .debug_abbrev    0x000ae8        0x243 build/default/production/mcc_generated_files/examples/mqtt_example.o
 .debug_abbrev    0x000d2b        0x10a build/default/production/mcc_generated_files/mqtt/mqtt_comm_bsd/mqtt_comm_layer.o
 .debug_abbrev    0x000e35        0x24d build/default/production/mcc_generated_files/mqtt/mqtt_core/mqtt_core.o
 .debug_abbrev    0x001082         0xc5 build/default/production/mcc_generated_files/mqtt/mqtt_exchange_buffer/mqtt_exchange_buffer.o
 .debug_abbrev    0x001147         0xa4 build/default/production/mcc_generated_files/mqtt/mqtt_packetTransfer_interface.o
 .debug_abbrev    0x0011eb        0x23b build/default/production/mcc_generated_files/mqtt/mqtt_winc_adapter.o
 .debug_abbrev    0x001426        0x13f build/default/production/mcc_generated_files/winc/driver/winc_hif.o
 .debug_abbrev    0x001565         0x6b build/default/production/mcc_generated_files/winc/driver/winc_drv.o
 .debug_abbrev    0x0015d0        0x124 build/default/production/mcc_generated_files/winc/driver/winc_spi.o
 .debug_abbrev    0x0016f4        0x137 build/default/production/mcc_generated_files/winc/driver/winc_asic.o
 .debug_abbrev    0x00182b        0x1bf build/default/production/mcc_generated_files/winc/driver/winc_adapter.o
 .debug_abbrev    0x0019ea        0x1d5 build/default/production/mcc_generated_files/winc/m2m/m2m_ssl.o
 .debug_abbrev    0x001bbf        0x1a8 build/default/production/mcc_generated_files/winc/m2m/m2m_ota.o
 .debug_abbrev    0x001d67         0x1f build/default/production/mcc_generated_files/winc/m2m/m2m_crypto.o
 .debug_abbrev    0x001d86         0x1f build/default/production/mcc_generated_files/winc/m2m/m2m_periph.o
 .debug_abbrev    0x001da5        0x1f0 build/default/production/mcc_generated_files/winc/m2m/m2m_wifi.o
 .debug_abbrev    0x001f95         0xf1 build/default/production/mcc_generated_files/winc/m2m/m2m_fwinfo.o
 .debug_abbrev    0x002086        0x21d build/default/production/mcc_generated_files/winc/socket/socket.o
 .debug_abbrev    0x0022a3         0xdd build/default/production/mcc_generated_files/winc/spi_flash/spi_flash.o
 .debug_abbrev    0x002380         0x94 build/default/production/mcc_generated_files/winc/spi_flash/flexible_flash.o
 .debug_abbrev    0x002414        0x11e build/default/production/mcc_generated_files/pin_manager.o
 .debug_abbrev    0x002532         0x6a build/default/production/mcc_generated_files/clock.o
 .debug_abbrev    0x00259c          0x1 build/default/production/mcc_generated_files/mcc.o
 .debug_abbrev    0x00259d         0xb4 build/default/production/mcc_generated_files/system.o
 .debug_abbrev    0x002651         0xb4 build/default/production/mcc_generated_files/interrupt_manager.o
 .debug_abbrev    0x002705        0x100 build/default/production/mcc_generated_files/traps.o
 .debug_abbrev    0x002805        0x240 build/default/production/mcc_generated_files/uart1.o
 .debug_abbrev    0x002a45        0x1a2 build/default/production/mcc_generated_files/tmr1.o
 .debug_abbrev    0x002be7         0x67 build/default/production/mcc_generated_files/delay.o
 .debug_abbrev    0x002c4e        0x1d0 build/default/production/mcc_generated_files/spi1_driver.o
 .debug_abbrev    0x002e1e        0x184 build/default/production/mcc_generated_files/oc1.o
 .debug_abbrev    0x002fa2        0x1a2 build/default/production/mcc_generated_files/tmr2.o
 .debug_abbrev    0x003144        0x155 build/default/production/MQTT_pub_cb.o
 .debug_abbrev    0x003299         0xea build/default/production/ping_callback.o
 .debug_abbrev    0x003383        0x189 build/default/production/socket_callback.o
 .debug_abbrev    0x00350c         0x79 build/default/production/state_control.o
 .debug_abbrev    0x003585        0x114 build/default/production/wifi_callback.o
 .debug_abbrev    0x003699        0x1d7 build/default/production/main.o

.debug_line       0x000000       0x48db
 *(.debug_line)
 .debug_line      0x000000        0x1f3 build/default/production/app_init.o
 .debug_line      0x0001f3        0x168 build/default/production/build_MQTT_packets.o
 .debug_line      0x00035b        0x30c build/default/production/cmd_interface.o
 .debug_line      0x000667        0x215 build/default/production/mcc_generated_files/drivers/timeout.o
 .debug_line      0x00087c        0x102 build/default/production/mcc_generated_files/drivers/spi_master.o
 .debug_line      0x00097e         0x99 build/default/production/mcc_generated_files/drivers/uart.o
 .debug_line      0x000a17        0x1aa build/default/production/mcc_generated_files/examples/winc_example.o
 .debug_line      0x000bc1         0xeb build/default/production/mcc_generated_files/examples/uart_example.o
 .debug_line      0x000cac        0x391 build/default/production/mcc_generated_files/examples/mqtt_example.o
 .debug_line      0x00103d        0x146 build/default/production/mcc_generated_files/mqtt/mqtt_comm_bsd/mqtt_comm_layer.o
 .debug_line      0x001183        0x464 build/default/production/mcc_generated_files/mqtt/mqtt_core/mqtt_core.o
 .debug_line      0x0015e7        0x110 build/default/production/mcc_generated_files/mqtt/mqtt_exchange_buffer/mqtt_exchange_buffer.o
 .debug_line      0x0016f7         0xdc build/default/production/mcc_generated_files/mqtt/mqtt_packetTransfer_interface.o
 .debug_line      0x0017d3        0x2c5 build/default/production/mcc_generated_files/mqtt/mqtt_winc_adapter.o
 .debug_line      0x001a98        0x13e build/default/production/mcc_generated_files/winc/driver/winc_hif.o
 .debug_line      0x001bd6         0xc8 build/default/production/mcc_generated_files/winc/driver/winc_drv.o
 .debug_line      0x001c9e        0x193 build/default/production/mcc_generated_files/winc/driver/winc_spi.o
 .debug_line      0x001e31        0x16e build/default/production/mcc_generated_files/winc/driver/winc_asic.o
 .debug_line      0x001f9f        0x1c2 build/default/production/mcc_generated_files/winc/driver/winc_adapter.o
 .debug_line      0x002161        0x1e6 build/default/production/mcc_generated_files/winc/m2m/m2m_ssl.o
 .debug_line      0x002347        0x1c4 build/default/production/mcc_generated_files/winc/m2m/m2m_ota.o
 .debug_line      0x00250b         0x1a build/default/production/mcc_generated_files/winc/m2m/m2m_crypto.o
 .debug_line      0x002525         0x1a build/default/production/mcc_generated_files/winc/m2m/m2m_periph.o
 .debug_line      0x00253f        0x3b4 build/default/production/mcc_generated_files/winc/m2m/m2m_wifi.o
 .debug_line      0x0028f3        0x155 build/default/production/mcc_generated_files/winc/m2m/m2m_fwinfo.o
 .debug_line      0x002a48        0x3d8 build/default/production/mcc_generated_files/winc/socket/socket.o
 .debug_line      0x002e20        0x195 build/default/production/mcc_generated_files/winc/spi_flash/spi_flash.o
 .debug_line      0x002fb5         0xcf build/default/production/mcc_generated_files/winc/spi_flash/flexible_flash.o
 .debug_line      0x003084        0x16a build/default/production/mcc_generated_files/pin_manager.o
 .debug_line      0x0031ee        0x131 build/default/production/mcc_generated_files/clock.o
 .debug_line      0x00331f         0x1a build/default/production/mcc_generated_files/mcc.o
 .debug_line      0x003339        0x129 build/default/production/mcc_generated_files/system.o
 .debug_line      0x003462        0x131 build/default/production/mcc_generated_files/interrupt_manager.o
 .debug_line      0x003593        0x156 build/default/production/mcc_generated_files/traps.o
 .debug_line      0x0036e9        0x20e build/default/production/mcc_generated_files/uart1.o
 .debug_line      0x0038f7        0x169 build/default/production/mcc_generated_files/tmr1.o
 .debug_line      0x003a60         0xa6 build/default/production/mcc_generated_files/delay.o
 .debug_line      0x003b06        0x182 build/default/production/mcc_generated_files/spi1_driver.o
 .debug_line      0x003c88        0x16e build/default/production/mcc_generated_files/oc1.o
 .debug_line      0x003df6        0x169 build/default/production/mcc_generated_files/tmr2.o
 .debug_line      0x003f5f        0x13d build/default/production/MQTT_pub_cb.o
 .debug_line      0x00409c        0x138 build/default/production/ping_callback.o
 .debug_line      0x0041d4        0x258 build/default/production/socket_callback.o
 .debug_line      0x00442c         0x54 build/default/production/state_control.o
 .debug_line      0x004480        0x190 build/default/production/wifi_callback.o
 .debug_line      0x004610        0x2cb build/default/production/main.o

.debug_frame      0x000000       0x3052
 *(.debug_frame)
 .debug_frame     0x000000         0x7c build/default/production/app_init.o
 .debug_frame     0x00007c         0x62 build/default/production/build_MQTT_packets.o
 .debug_frame     0x0000de        0x18e build/default/production/cmd_interface.o
 .debug_frame     0x00026c        0x254 build/default/production/mcc_generated_files/drivers/timeout.o
 .debug_frame     0x0004c0         0x48 build/default/production/mcc_generated_files/drivers/spi_master.o
 .debug_frame     0x000508         0x62 build/default/production/mcc_generated_files/examples/winc_example.o
 .debug_frame     0x00056a         0x4a build/default/production/mcc_generated_files/examples/uart_example.o
 .debug_frame     0x0005b4        0x120 build/default/production/mcc_generated_files/examples/mqtt_example.o
 .debug_frame     0x0006d4         0xb0 build/default/production/mcc_generated_files/mqtt/mqtt_comm_bsd/mqtt_comm_layer.o
 .debug_frame     0x000784        0x33a build/default/production/mcc_generated_files/mqtt/mqtt_core/mqtt_core.o
 .debug_frame     0x000abe         0x7c build/default/production/mcc_generated_files/mqtt/mqtt_exchange_buffer/mqtt_exchange_buffer.o
 .debug_frame     0x000b3a         0x48 build/default/production/mcc_generated_files/mqtt/mqtt_packetTransfer_interface.o
 .debug_frame     0x000b82        0x2b8 build/default/production/mcc_generated_files/mqtt/mqtt_winc_adapter.o
 .debug_frame     0x000e3a        0x118 build/default/production/mcc_generated_files/winc/driver/winc_hif.o
 .debug_frame     0x000f52         0x62 build/default/production/mcc_generated_files/winc/driver/winc_drv.o
 .debug_frame     0x000fb4        0x1e8 build/default/production/mcc_generated_files/winc/driver/winc_spi.o
 .debug_frame     0x00119c        0x132 build/default/production/mcc_generated_files/winc/driver/winc_asic.o
 .debug_frame     0x0012ce        0x180 build/default/production/mcc_generated_files/winc/driver/winc_adapter.o
 .debug_frame     0x00144e         0xfe build/default/production/mcc_generated_files/winc/m2m/m2m_ssl.o
 .debug_frame     0x00154c        0x180 build/default/production/mcc_generated_files/winc/m2m/m2m_ota.o
 .debug_frame     0x0016cc        0x76e build/default/production/mcc_generated_files/winc/m2m/m2m_wifi.o
 .debug_frame     0x001e3a         0x62 build/default/production/mcc_generated_files/winc/m2m/m2m_fwinfo.o
 .debug_frame     0x001e9c        0x2b8 build/default/production/mcc_generated_files/winc/socket/socket.o
 .debug_frame     0x002154        0x180 build/default/production/mcc_generated_files/winc/spi_flash/spi_flash.o
 .debug_frame     0x0022d4         0x2e build/default/production/mcc_generated_files/winc/spi_flash/flexible_flash.o
 .debug_frame     0x002302         0xba build/default/production/mcc_generated_files/pin_manager.o
 .debug_frame     0x0023bc         0x2e build/default/production/mcc_generated_files/clock.o
 .debug_frame     0x0023ea         0x2e build/default/production/mcc_generated_files/system.o
 .debug_frame     0x002418         0x2e build/default/production/mcc_generated_files/interrupt_manager.o
 .debug_frame     0x002446        0x17e build/default/production/mcc_generated_files/traps.o
 .debug_frame     0x0025c4        0x30a build/default/production/mcc_generated_files/uart1.o
 .debug_frame     0x0028ce        0x18a build/default/production/mcc_generated_files/tmr1.o
 .debug_frame     0x002a58         0x48 build/default/production/mcc_generated_files/delay.o
 .debug_frame     0x002aa0        0x118 build/default/production/mcc_generated_files/spi1_driver.o
 .debug_frame     0x002bb8        0x166 build/default/production/mcc_generated_files/oc1.o
 .debug_frame     0x002d1e        0x18a build/default/production/mcc_generated_files/tmr2.o
 .debug_frame     0x002ea8         0x5e build/default/production/MQTT_pub_cb.o
 .debug_frame     0x002f06         0x64 build/default/production/ping_callback.o
 .debug_frame     0x002f6a         0x2e build/default/production/socket_callback.o
 .debug_frame     0x002f98         0x48 build/default/production/state_control.o
 .debug_frame     0x002fe0         0x2e build/default/production/wifi_callback.o
 .debug_frame     0x00300e         0x44 build/default/production/main.o

.debug_str        0x000000        0xc89
 *(.debug_str)
 .debug_str       0x000000         0x70 build/default/production/app_init.o
 .debug_str       0x000070         0x62 build/default/production/build_MQTT_packets.o
 .debug_str       0x0000d2         0x53 build/default/production/cmd_interface.o
 .debug_str       0x000125         0x79 build/default/production/mcc_generated_files/drivers/timeout.o
 .debug_str       0x00019e         0x18 build/default/production/mcc_generated_files/examples/winc_example.o
 .debug_str       0x0001b6         0x6b build/default/production/mcc_generated_files/examples/mqtt_example.o
 .debug_str       0x000221          0xe build/default/production/mcc_generated_files/mqtt/mqtt_comm_bsd/mqtt_comm_layer.o
 .debug_str       0x00022f         0xd7 build/default/production/mcc_generated_files/mqtt/mqtt_core/mqtt_core.o
 .debug_str       0x000306          0xe build/default/production/mcc_generated_files/mqtt/mqtt_exchange_buffer/mqtt_exchange_buffer.o
 .debug_str       0x000314         0x14 build/default/production/mcc_generated_files/mqtt/mqtt_packetTransfer_interface.o
 .debug_str       0x000328         0x44 build/default/production/mcc_generated_files/mqtt/mqtt_winc_adapter.o
 .debug_str       0x00036c         0x2e build/default/production/mcc_generated_files/winc/driver/winc_hif.o
 .debug_str       0x00039a         0x45 build/default/production/mcc_generated_files/winc/driver/winc_spi.o
 .debug_str       0x0003df         0x21 build/default/production/mcc_generated_files/winc/driver/winc_asic.o
 .debug_str       0x000400         0x32 build/default/production/mcc_generated_files/winc/driver/winc_adapter.o
 .debug_str       0x000432         0x14 build/default/production/mcc_generated_files/winc/m2m/m2m_ssl.o
 .debug_str       0x000446         0x55 build/default/production/mcc_generated_files/winc/m2m/m2m_ota.o
 .debug_str       0x00049b        0x2a4 build/default/production/mcc_generated_files/winc/m2m/m2m_wifi.o
 .debug_str       0x00073f        0x12e build/default/production/mcc_generated_files/winc/socket/socket.o
 .debug_str       0x00086d         0x34 build/default/production/mcc_generated_files/winc/spi_flash/spi_flash.o
 .debug_str       0x0008a1         0x91 build/default/production/mcc_generated_files/pin_manager.o
 .debug_str       0x000932         0x12 build/default/production/mcc_generated_files/clock.o
 .debug_str       0x000944          0xc build/default/production/mcc_generated_files/system.o
 .debug_str       0x000950         0x37 build/default/production/mcc_generated_files/interrupt_manager.o
 .debug_str       0x000987         0x18 build/default/production/mcc_generated_files/traps.o
 .debug_str       0x00099f         0xac build/default/production/mcc_generated_files/uart1.o
 .debug_str       0x000a4b         0x32 build/default/production/mcc_generated_files/tmr1.o
 .debug_str       0x000a7d         0x77 build/default/production/mcc_generated_files/spi1_driver.o
 .debug_str       0x000af4         0x2a build/default/production/mcc_generated_files/oc1.o
 .debug_str       0x000b1e         0x32 build/default/production/mcc_generated_files/tmr2.o
 .debug_str       0x000b50         0x1b build/default/production/MQTT_pub_cb.o
 .debug_str       0x000b6b         0x2b build/default/production/ping_callback.o
 .debug_str       0x000b96         0x3c build/default/production/socket_callback.o
 .debug_str       0x000bd2         0x2b build/default/production/state_control.o
 .debug_str       0x000bfd          0x9 build/default/production/wifi_callback.o
 .debug_str       0x000c06         0x83 build/default/production/main.o

.debug_loc
 *(.debug_loc)

.debug_macinfo
 *(.debug_macinfo)

.debug_pubnames
                  0x000000       0x26be
 *(.debug_pubnames)
 .debug_pubnames
                  0x000000         0x8d build/default/production/app_init.o
 .debug_pubnames
                  0x00008d         0x71 build/default/production/build_MQTT_packets.o
 .debug_pubnames
                  0x0000fe        0x135 build/default/production/cmd_interface.o
 .debug_pubnames
                  0x000233        0x24b build/default/production/mcc_generated_files/drivers/timeout.o
 .debug_pubnames
                  0x00047e         0x42 build/default/production/mcc_generated_files/drivers/spi_master.o
 .debug_pubnames
                  0x0004c0         0x1b build/default/production/mcc_generated_files/drivers/uart.o
 .debug_pubnames
                  0x0004db         0x4c build/default/production/mcc_generated_files/examples/winc_example.o
 .debug_pubnames
                  0x000527         0x33 build/default/production/mcc_generated_files/examples/uart_example.o
 .debug_pubnames
                  0x00055a         0x6b build/default/production/mcc_generated_files/examples/mqtt_example.o
 .debug_pubnames
                  0x0005c5         0x99 build/default/production/mcc_generated_files/mqtt/mqtt_comm_bsd/mqtt_comm_layer.o
 .debug_pubnames
                  0x00065e        0x1c3 build/default/production/mcc_generated_files/mqtt/mqtt_core/mqtt_core.o
 .debug_pubnames
                  0x000821         0x83 build/default/production/mcc_generated_files/mqtt/mqtt_exchange_buffer/mqtt_exchange_buffer.o
 .debug_pubnames
                  0x0008a4         0x74 build/default/production/mcc_generated_files/mqtt/mqtt_packetTransfer_interface.o
 .debug_pubnames
                  0x000918        0x1b2 build/default/production/mcc_generated_files/mqtt/mqtt_winc_adapter.o
 .debug_pubnames
                  0x000aca         0xdc build/default/production/mcc_generated_files/winc/driver/winc_hif.o
 .debug_pubnames
                  0x000ba6         0x4b build/default/production/mcc_generated_files/winc/driver/winc_drv.o
 .debug_pubnames
                  0x000bf1        0x12f build/default/production/mcc_generated_files/winc/driver/winc_spi.o
 .debug_pubnames
                  0x000d20         0xfd build/default/production/mcc_generated_files/winc/driver/winc_asic.o
 .debug_pubnames
                  0x000e1d        0x198 build/default/production/mcc_generated_files/winc/driver/winc_adapter.o
 .debug_pubnames
                  0x000fb5        0x102 build/default/production/mcc_generated_files/winc/m2m/m2m_ssl.o
 .debug_pubnames
                  0x0010b7        0x178 build/default/production/mcc_generated_files/winc/m2m/m2m_ota.o
 .debug_pubnames
                  0x00122f        0x746 build/default/production/mcc_generated_files/winc/m2m/m2m_wifi.o
 .debug_pubnames
                  0x001975         0x50 build/default/production/mcc_generated_files/winc/m2m/m2m_fwinfo.o
 .debug_pubnames
                  0x0019c5        0x197 build/default/production/mcc_generated_files/winc/socket/socket.o
 .debug_pubnames
                  0x001b5c         0x79 build/default/production/mcc_generated_files/winc/spi_flash/spi_flash.o
 .debug_pubnames
                  0x001bd5         0x36 build/default/production/mcc_generated_files/winc/spi_flash/flexible_flash.o
 .debug_pubnames
                  0x001c0b         0xa4 build/default/production/mcc_generated_files/pin_manager.o
 .debug_pubnames
                  0x001caf         0x27 build/default/production/mcc_generated_files/clock.o
 .debug_pubnames
                  0x001cd6         0x28 build/default/production/mcc_generated_files/system.o
 .debug_pubnames
                  0x001cfe         0x2b build/default/production/mcc_generated_files/interrupt_manager.o
 .debug_pubnames
                  0x001d29         0x7d build/default/production/mcc_generated_files/traps.o
 .debug_pubnames
                  0x001da6        0x284 build/default/production/mcc_generated_files/uart1.o
 .debug_pubnames
                  0x00202a        0x156 build/default/production/mcc_generated_files/tmr1.o
 .debug_pubnames
                  0x002180         0x40 build/default/production/mcc_generated_files/delay.o
 .debug_pubnames
                  0x0021c0         0xe2 build/default/production/mcc_generated_files/spi1_driver.o
 .debug_pubnames
                  0x0022a2        0x12d build/default/production/mcc_generated_files/oc1.o
 .debug_pubnames
                  0x0023cf        0x156 build/default/production/mcc_generated_files/tmr2.o
 .debug_pubnames
                  0x002525         0x49 build/default/production/MQTT_pub_cb.o
 .debug_pubnames
                  0x00256e         0x30 build/default/production/ping_callback.o
 .debug_pubnames
                  0x00259e         0x37 build/default/production/socket_callback.o
 .debug_pubnames
                  0x0025d5         0x39 build/default/production/state_control.o
 .debug_pubnames
                  0x00260e         0x25 build/default/production/wifi_callback.o
 .debug_pubnames
                  0x002633         0x8b build/default/production/main.o

.debug_ranges
 *(.debug_ranges)

.debug_aranges    0x000000        0x3f0
 *(.debug_aranges)
 .debug_aranges
                  0x000000         0x18 build/default/production/app_init.o
 .debug_aranges
                  0x000018         0x18 build/default/production/build_MQTT_packets.o
 .debug_aranges
                  0x000030         0x18 build/default/production/cmd_interface.o
 .debug_aranges
                  0x000048         0x18 build/default/production/mcc_generated_files/drivers/timeout.o
 .debug_aranges
                  0x000060         0x18 build/default/production/mcc_generated_files/drivers/spi_master.o
 .debug_aranges
                  0x000078         0x18 build/default/production/mcc_generated_files/examples/winc_example.o
 .debug_aranges
                  0x000090         0x18 build/default/production/mcc_generated_files/examples/uart_example.o
 .debug_aranges
                  0x0000a8         0x18 build/default/production/mcc_generated_files/examples/mqtt_example.o
 .debug_aranges
                  0x0000c0         0x18 build/default/production/mcc_generated_files/mqtt/mqtt_comm_bsd/mqtt_comm_layer.o
 .debug_aranges
                  0x0000d8         0x18 build/default/production/mcc_generated_files/mqtt/mqtt_core/mqtt_core.o
 .debug_aranges
                  0x0000f0         0x18 build/default/production/mcc_generated_files/mqtt/mqtt_exchange_buffer/mqtt_exchange_buffer.o
 .debug_aranges
                  0x000108         0x18 build/default/production/mcc_generated_files/mqtt/mqtt_packetTransfer_interface.o
 .debug_aranges
                  0x000120         0x18 build/default/production/mcc_generated_files/mqtt/mqtt_winc_adapter.o
 .debug_aranges
                  0x000138         0x18 build/default/production/mcc_generated_files/winc/driver/winc_hif.o
 .debug_aranges
                  0x000150         0x18 build/default/production/mcc_generated_files/winc/driver/winc_drv.o
 .debug_aranges
                  0x000168         0x18 build/default/production/mcc_generated_files/winc/driver/winc_spi.o
 .debug_aranges
                  0x000180         0x18 build/default/production/mcc_generated_files/winc/driver/winc_asic.o
 .debug_aranges
                  0x000198         0x18 build/default/production/mcc_generated_files/winc/driver/winc_adapter.o
 .debug_aranges
                  0x0001b0         0x18 build/default/production/mcc_generated_files/winc/m2m/m2m_ssl.o
 .debug_aranges
                  0x0001c8         0x18 build/default/production/mcc_generated_files/winc/m2m/m2m_ota.o
 .debug_aranges
                  0x0001e0         0x18 build/default/production/mcc_generated_files/winc/m2m/m2m_wifi.o
 .debug_aranges
                  0x0001f8         0x18 build/default/production/mcc_generated_files/winc/m2m/m2m_fwinfo.o
 .debug_aranges
                  0x000210         0x18 build/default/production/mcc_generated_files/winc/socket/socket.o
 .debug_aranges
                  0x000228         0x18 build/default/production/mcc_generated_files/winc/spi_flash/spi_flash.o
 .debug_aranges
                  0x000240         0x18 build/default/production/mcc_generated_files/winc/spi_flash/flexible_flash.o
 .debug_aranges
                  0x000258         0x18 build/default/production/mcc_generated_files/pin_manager.o
 .debug_aranges
                  0x000270         0x18 build/default/production/mcc_generated_files/clock.o
 .debug_aranges
                  0x000288         0x18 build/default/production/mcc_generated_files/system.o
 .debug_aranges
                  0x0002a0         0x18 build/default/production/mcc_generated_files/interrupt_manager.o
 .debug_aranges
                  0x0002b8         0x18 build/default/production/mcc_generated_files/traps.o
 .debug_aranges
                  0x0002d0         0x18 build/default/production/mcc_generated_files/uart1.o
 .debug_aranges
                  0x0002e8         0x18 build/default/production/mcc_generated_files/tmr1.o
 .debug_aranges
                  0x000300         0x18 build/default/production/mcc_generated_files/delay.o
 .debug_aranges
                  0x000318         0x18 build/default/production/mcc_generated_files/spi1_driver.o
 .debug_aranges
                  0x000330         0x18 build/default/production/mcc_generated_files/oc1.o
 .debug_aranges
                  0x000348         0x18 build/default/production/mcc_generated_files/tmr2.o
 .debug_aranges
                  0x000360         0x18 build/default/production/MQTT_pub_cb.o
 .debug_aranges
                  0x000378         0x18 build/default/production/ping_callback.o
 .debug_aranges
                  0x000390         0x18 build/default/production/socket_callback.o
 .debug_aranges
                  0x0003a8         0x18 build/default/production/state_control.o
 .debug_aranges
                  0x0003c0         0x18 build/default/production/wifi_callback.o
 .debug_aranges
                  0x0003d8         0x18 build/default/production/main.o
                    0x0000                  WREG0 = 0x0
                    0x0000                  _WREG0 = 0x0
                    0x0002                  WREG1 = 0x2
                    0x0002                  _WREG1 = 0x2
                    0x0004                  WREG2 = 0x4
                    0x0004                  _WREG2 = 0x4
                    0x0006                  WREG3 = 0x6
                    0x0006                  _WREG3 = 0x6
                    0x0008                  WREG4 = 0x8
                    0x0008                  _WREG4 = 0x8
                    0x000a                  WREG5 = 0xa
                    0x000a                  _WREG5 = 0xa
                    0x000c                  WREG6 = 0xc
                    0x000c                  _WREG6 = 0xc
                    0x000e                  WREG7 = 0xe
                    0x000e                  _WREG7 = 0xe
                    0x0010                  WREG8 = 0x10
                    0x0010                  _WREG8 = 0x10
                    0x0012                  WREG9 = 0x12
                    0x0012                  _WREG9 = 0x12
                    0x0014                  WREG10 = 0x14
                    0x0014                  _WREG10 = 0x14
                    0x0016                  WREG11 = 0x16
                    0x0016                  _WREG11 = 0x16
                    0x0018                  WREG12 = 0x18
                    0x0018                  _WREG12 = 0x18
                    0x001a                  WREG13 = 0x1a
                    0x001a                  _WREG13 = 0x1a
                    0x001c                  WREG14 = 0x1c
                    0x001c                  _WREG14 = 0x1c
                    0x001e                  WREG15 = 0x1e
                    0x001e                  _WREG15 = 0x1e
                    0x0020                  SPLIM = 0x20
                    0x0020                  _SPLIM = 0x20
                    0x002e                  PCL = 0x2e
                    0x002e                  _PCL = 0x2e
                    0x0030                  PCH = 0x30
                    0x0030                  _PCH = 0x30
                    0x0032                  DSRPAG = 0x32
                    0x0032                  _DSRPAG = 0x32
                    0x0032                  _DSRPAGbits = 0x32
                    0x0034                  DSWPAG = 0x34
                    0x0034                  _DSWPAG = 0x34
                    0x0034                  _DSWPAGbits = 0x34
                    0x0036                  RCOUNT = 0x36
                    0x0036                  _RCOUNT = 0x36
                    0x0042                  SR = 0x42
                    0x0042                  _SR = 0x42
                    0x0042                  _SRbits = 0x42
                    0x0044                  CORCON = 0x44
                    0x0044                  _CORCON = 0x44
                    0x0044                  _CORCONbits = 0x44
                    0x0052                  DISICNT = 0x52
                    0x0052                  _DISICNT = 0x52
                    0x0052                  _DISICNTbits = 0x52
                    0x0054                  TBLPAG = 0x54
                    0x0054                  _TBLPAG = 0x54
                    0x0054                  _TBLPAGbits = 0x54
                    0x0080                  INTCON1 = 0x80
                    0x0080                  _INTCON1 = 0x80
                    0x0080                  _INTCON1bits = 0x80
                    0x0082                  INTCON2 = 0x82
                    0x0082                  _INTCON2 = 0x82
                    0x0082                  _INTCON2bits = 0x82
                    0x0086                  INTCON4 = 0x86
                    0x0086                  _INTCON4 = 0x86
                    0x0086                  _INTCON4bits = 0x86
                    0x0088                  IFS0 = 0x88
                    0x0088                  _IFS0 = 0x88
                    0x0088                  _IFS0bits = 0x88
                    0x008a                  IFS1 = 0x8a
                    0x008a                  _IFS1 = 0x8a
                    0x008a                  _IFS1bits = 0x8a
                    0x008c                  IFS2 = 0x8c
                    0x008c                  _IFS2 = 0x8c
                    0x008c                  _IFS2bits = 0x8c
                    0x008e                  IFS3 = 0x8e
                    0x008e                  _IFS3 = 0x8e
                    0x008e                  _IFS3bits = 0x8e
                    0x0090                  IFS4 = 0x90
                    0x0090                  _IFS4 = 0x90
                    0x0090                  _IFS4bits = 0x90
                    0x0092                  IFS5 = 0x92
                    0x0092                  _IFS5 = 0x92
                    0x0092                  _IFS5bits = 0x92
                    0x0094                  IFS6 = 0x94
                    0x0094                  _IFS6 = 0x94
                    0x0094                  _IFS6bits = 0x94
                    0x0096                  IFS7 = 0x96
                    0x0096                  _IFS7 = 0x96
                    0x0096                  _IFS7bits = 0x96
                    0x0098                  IEC0 = 0x98
                    0x0098                  _IEC0 = 0x98
                    0x0098                  _IEC0bits = 0x98
                    0x009a                  IEC1 = 0x9a
                    0x009a                  _IEC1 = 0x9a
                    0x009a                  _IEC1bits = 0x9a
                    0x009c                  IEC2 = 0x9c
                    0x009c                  _IEC2 = 0x9c
                    0x009c                  _IEC2bits = 0x9c
                    0x009e                  IEC3 = 0x9e
                    0x009e                  _IEC3 = 0x9e
                    0x009e                  _IEC3bits = 0x9e
                    0x00a0                  IEC4 = 0xa0
                    0x00a0                  _IEC4 = 0xa0
                    0x00a0                  _IEC4bits = 0xa0
                    0x00a2                  IEC5 = 0xa2
                    0x00a2                  _IEC5 = 0xa2
                    0x00a2                  _IEC5bits = 0xa2
                    0x00a4                  IEC6 = 0xa4
                    0x00a4                  _IEC6 = 0xa4
                    0x00a4                  _IEC6bits = 0xa4
                    0x00a6                  IEC7 = 0xa6
                    0x00a6                  _IEC7 = 0xa6
                    0x00a6                  _IEC7bits = 0xa6
                    0x00a8                  IPC0 = 0xa8
                    0x00a8                  _IPC0 = 0xa8
                    0x00a8                  _IPC0bits = 0xa8
                    0x00aa                  IPC1 = 0xaa
                    0x00aa                  _IPC1 = 0xaa
                    0x00aa                  _IPC1bits = 0xaa
                    0x00ac                  IPC2 = 0xac
                    0x00ac                  _IPC2 = 0xac
                    0x00ac                  _IPC2bits = 0xac
                    0x00ae                  IPC3 = 0xae
                    0x00ae                  _IPC3 = 0xae
                    0x00ae                  _IPC3bits = 0xae
                    0x00b0                  IPC4 = 0xb0
                    0x00b0                  _IPC4 = 0xb0
                    0x00b0                  _IPC4bits = 0xb0
                    0x00b2                  IPC5 = 0xb2
                    0x00b2                  _IPC5 = 0xb2
                    0x00b2                  _IPC5bits = 0xb2
                    0x00b4                  IPC6 = 0xb4
                    0x00b4                  _IPC6 = 0xb4
                    0x00b4                  _IPC6bits = 0xb4
                    0x00b6                  IPC7 = 0xb6
                    0x00b6                  _IPC7 = 0xb6
                    0x00b6                  _IPC7bits = 0xb6
                    0x00b8                  IPC8 = 0xb8
                    0x00b8                  _IPC8 = 0xb8
                    0x00b8                  _IPC8bits = 0xb8
                    0x00ba                  IPC9 = 0xba
                    0x00ba                  _IPC9 = 0xba
                    0x00ba                  _IPC9bits = 0xba
                    0x00bc                  IPC10 = 0xbc
                    0x00bc                  _IPC10 = 0xbc
                    0x00bc                  _IPC10bits = 0xbc
                    0x00be                  IPC11 = 0xbe
                    0x00be                  _IPC11 = 0xbe
                    0x00be                  _IPC11bits = 0xbe
                    0x00c0                  IPC12 = 0xc0
                    0x00c0                  _IPC12 = 0xc0
                    0x00c0                  _IPC12bits = 0xc0
                    0x00c2                  IPC13 = 0xc2
                    0x00c2                  _IPC13 = 0xc2
                    0x00c2                  _IPC13bits = 0xc2
                    0x00c4                  IPC14 = 0xc4
                    0x00c4                  _IPC14 = 0xc4
                    0x00c4                  _IPC14bits = 0xc4
                    0x00c6                  IPC15 = 0xc6
                    0x00c6                  _IPC15 = 0xc6
                    0x00c6                  _IPC15bits = 0xc6
                    0x00c8                  IPC16 = 0xc8
                    0x00c8                  _IPC16 = 0xc8
                    0x00c8                  _IPC16bits = 0xc8
                    0x00ca                  IPC17 = 0xca
                    0x00ca                  _IPC17 = 0xca
                    0x00ca                  _IPC17bits = 0xca
                    0x00cc                  IPC18 = 0xcc
                    0x00cc                  _IPC18 = 0xcc
                    0x00cc                  _IPC18bits = 0xcc
                    0x00ce                  IPC19 = 0xce
                    0x00ce                  _IPC19 = 0xce
                    0x00ce                  _IPC19bits = 0xce
                    0x00d0                  IPC20 = 0xd0
                    0x00d0                  _IPC20 = 0xd0
                    0x00d0                  _IPC20bits = 0xd0
                    0x00d2                  IPC21 = 0xd2
                    0x00d2                  _IPC21 = 0xd2
                    0x00d2                  _IPC21bits = 0xd2
                    0x00d4                  IPC22 = 0xd4
                    0x00d4                  _IPC22 = 0xd4
                    0x00d4                  _IPC22bits = 0xd4
                    0x00d6                  IPC23 = 0xd6
                    0x00d6                  _IPC23 = 0xd6
                    0x00d6                  _IPC23bits = 0xd6
                    0x00d8                  IPC24 = 0xd8
                    0x00d8                  _IPC24 = 0xd8
                    0x00d8                  _IPC24bits = 0xd8
                    0x00da                  IPC25 = 0xda
                    0x00da                  _IPC25 = 0xda
                    0x00da                  _IPC25bits = 0xda
                    0x00dc                  IPC26 = 0xdc
                    0x00dc                  _IPC26 = 0xdc
                    0x00dc                  _IPC26bits = 0xdc
                    0x00de                  IPC27 = 0xde
                    0x00de                  _IPC27 = 0xde
                    0x00de                  _IPC27bits = 0xde
                    0x00e0                  IPC28 = 0xe0
                    0x00e0                  _IPC28 = 0xe0
                    0x00e0                  _IPC28bits = 0xe0
                    0x00e2                  IPC29 = 0xe2
                    0x00e2                  _IPC29 = 0xe2
                    0x00e2                  _IPC29bits = 0xe2
                    0x00e4                  INTTREG = 0xe4
                    0x00e4                  _INTTREG = 0xe4
                    0x00e4                  _INTTREGbits = 0xe4
                    0x0100                  OSCCON = 0x100
                    0x0100                  _OSCCON = 0x100
                    0x0100                  _OSCCONbits = 0x100
                    0x0100                  OSCCONL = 0x100
                    0x0100                  _OSCCONL = 0x100
                    0x0101                  OSCCONH = 0x101
                    0x0101                  _OSCCONH = 0x101
                    0x0102                  CLKDIV = 0x102
                    0x0102                  _CLKDIV = 0x102
                    0x0102                  _CLKDIVbits = 0x102
                    0x0106                  OSCTUN = 0x106
                    0x0106                  _OSCTUN = 0x106
                    0x0106                  _OSCTUNbits = 0x106
                    0x0108                  DCOTUN = 0x108
                    0x0108                  _DCOTUN = 0x108
                    0x0108                  _DCOTUNbits = 0x108
                    0x010a                  DCOCON = 0x10a
                    0x010a                  _DCOCON = 0x10a
                    0x010a                  _DCOCONbits = 0x10a
                    0x010c                  OSCDIV = 0x10c
                    0x010c                  _OSCDIV = 0x10c
                    0x010c                  _OSCDIVbits = 0x10c
                    0x010e                  OSCFDIV = 0x10e
                    0x010e                  _OSCFDIV = 0x10e
                    0x010e                  _OSCFDIVbits = 0x10e
                    0x0110                  RCON = 0x110
                    0x0110                  _RCON = 0x110
                    0x0110                  _RCONbits = 0x110
                    0x0114                  HLVDCON = 0x114
                    0x0114                  _HLVDCON = 0x114
                    0x0114                  _HLVDCONbits = 0x114
                    0x0128                  PMCON1 = 0x128
                    0x0128                  _PMCON1 = 0x128
                    0x0128                  _PMCON1bits = 0x128
                    0x012a                  PMCON2 = 0x12a
                    0x012a                  _PMCON2 = 0x12a
                    0x012a                  _PMCON2bits = 0x12a
                    0x012c                  PMCON3 = 0x12c
                    0x012c                  _PMCON3 = 0x12c
                    0x012c                  _PMCON3bits = 0x12c
                    0x012e                  PMCON4 = 0x12e
                    0x012e                  _PMCON4 = 0x12e
                    0x012e                  _PMCON4bits = 0x12e
                    0x0130                  PMCS1CF = 0x130
                    0x0130                  _PMCS1CF = 0x130
                    0x0130                  _PMCS1CFbits = 0x130
                    0x0132                  PMCS1BS = 0x132
                    0x0132                  _PMCS1BS = 0x132
                    0x0132                  _PMCS1BSbits = 0x132
                    0x0134                  PMCS1MD = 0x134
                    0x0134                  _PMCS1MD = 0x134
                    0x0134                  _PMCS1MDbits = 0x134
                    0x0136                  PMCS2CF = 0x136
                    0x0136                  _PMCS2CF = 0x136
                    0x0136                  _PMCS2CFbits = 0x136
                    0x0138                  PMCS2BS = 0x138
                    0x0138                  _PMCS2BS = 0x138
                    0x0138                  _PMCS2BSbits = 0x138
                    0x013a                  PMCS2MD = 0x13a
                    0x013a                  _PMCS2MD = 0x13a
                    0x013a                  _PMCS2MDbits = 0x13a
                    0x013c                  PMDOUT1 = 0x13c
                    0x013c                  _PMDOUT1 = 0x13c
                    0x013e                  PMDOUT2 = 0x13e
                    0x013e                  _PMDOUT2 = 0x13e
                    0x0140                  PMDIN1 = 0x140
                    0x0140                  _PMDIN1 = 0x140
                    0x0142                  PMDIN2 = 0x142
                    0x0142                  _PMDIN2 = 0x142
                    0x0144                  PMSTAT = 0x144
                    0x0144                  _PMSTAT = 0x144
                    0x0144                  _PMSTATbits = 0x144
                    0x0158                  CRCCON1 = 0x158
                    0x0158                  _CRCCON1 = 0x158
                    0x0158                  _CRCCON1bits = 0x158
                    0x015a                  CRCCON2 = 0x15a
                    0x015a                  _CRCCON2 = 0x15a
                    0x015a                  _CRCCON2bits = 0x15a
                    0x015c                  CRCXORL = 0x15c
                    0x015c                  _CRCXORL = 0x15c
                    0x015c                  _CRCXORLbits = 0x15c
                    0x015e                  CRCXORH = 0x15e
                    0x015e                  _CRCXORH = 0x15e
                    0x015e                  _CRCXORHbits = 0x15e
                    0x0160                  CRCDAT = 0x160
                    0x0160                  _CRCDAT = 0x160
                    0x0160                  CRCDATL = 0x160
                    0x0160                  _CRCDATL = 0x160
                    0x0162                  CRCDATH = 0x162
                    0x0162                  _CRCDATH = 0x162
                    0x0164                  CRCWDAT = 0x164
                    0x0164                  _CRCWDAT = 0x164
                    0x0164                  CRCWDATL = 0x164
                    0x0164                  _CRCWDATL = 0x164
                    0x0166                  CRCWDATH = 0x166
                    0x0166                  _CRCWDATH = 0x166
                    0x0168                  REFOCON1 = 0x168
                    0x0168                  _REFOCON1 = 0x168
                    0x0168                  _REFOCON1bits = 0x168
                    0x0168                  REFOCONL = 0x168
                    0x0168                  _REFOCONL = 0x168
                    0x0168                  _REFOCONLbits = 0x168
                    0x016a                  REFOCON2 = 0x16a
                    0x016a                  _REFOCON2 = 0x16a
                    0x016a                  _REFOCON2bits = 0x16a
                    0x016a                  REFOCONH = 0x16a
                    0x016a                  _REFOCONH = 0x16a
                    0x016a                  _REFOCONHbits = 0x16a
                    0x0178                  PMD1 = 0x178
                    0x0178                  _PMD1 = 0x178
                    0x0178                  _PMD1bits = 0x178
                    0x017a                  PMD2 = 0x17a
                    0x017a                  _PMD2 = 0x17a
                    0x017a                  _PMD2bits = 0x17a
                    0x017c                  PMD3 = 0x17c
                    0x017c                  _PMD3 = 0x17c
                    0x017c                  _PMD3bits = 0x17c
                    0x017e                  PMD4 = 0x17e
                    0x017e                  _PMD4 = 0x17e
                    0x017e                  _PMD4bits = 0x17e
                    0x0180                  PMD5 = 0x180
                    0x0180                  _PMD5 = 0x180
                    0x0180                  _PMD5bits = 0x180
                    0x0182                  PMD6 = 0x182
                    0x0182                  _PMD6 = 0x182
                    0x0182                  _PMD6bits = 0x182
                    0x0184                  PMD7 = 0x184
                    0x0184                  _PMD7 = 0x184
                    0x0184                  _PMD7bits = 0x184
                    0x0186                  PMD8 = 0x186
                    0x0186                  _PMD8 = 0x186
                    0x0186                  _PMD8bits = 0x186
                    0x0190                  TMR1 = 0x190
                    0x0190                  _TMR1 = 0x190
                    0x0192                  PR1 = 0x192
                    0x0192                  _PR1 = 0x192
                    0x0194                  T1CON = 0x194
                    0x0194                  _T1CON = 0x194
                    0x0194                  _T1CONbits = 0x194
                    0x0196                  TMR2 = 0x196
                    0x0196                  _TMR2 = 0x196
                    0x0198                  TMR3HLD = 0x198
                    0x0198                  _TMR3HLD = 0x198
                    0x019a                  TMR3 = 0x19a
                    0x019a                  _TMR3 = 0x19a
                    0x019c                  PR2 = 0x19c
                    0x019c                  _PR2 = 0x19c
                    0x019e                  PR3 = 0x19e
                    0x019e                  _PR3 = 0x19e
                    0x01a0                  T2CON = 0x1a0
                    0x01a0                  _T2CON = 0x1a0
                    0x01a0                  _T2CONbits = 0x1a0
                    0x01a2                  T3CON = 0x1a2
                    0x01a2                  _T3CON = 0x1a2
                    0x01a2                  _T3CONbits = 0x1a2
                    0x01c0                  CTMUCON1L = 0x1c0
                    0x01c0                  _CTMUCON1L = 0x1c0
                    0x01c0                  _CTMUCON1Lbits = 0x1c0
                    0x01c2                  CTMUCON1H = 0x1c2
                    0x01c2                  _CTMUCON1H = 0x1c2
                    0x01c2                  _CTMUCON1Hbits = 0x1c2
                    0x01c4                  CTMUCON2L = 0x1c4
                    0x01c4                  _CTMUCON2L = 0x1c4
                    0x01c4                  _CTMUCON2Lbits = 0x1c4
                    0x01cc                  RTCCON1L = 0x1cc
                    0x01cc                  _RTCCON1L = 0x1cc
                    0x01cc                  _RTCCON1Lbits = 0x1cc
                    0x01ce                  RTCCON1H = 0x1ce
                    0x01ce                  _RTCCON1H = 0x1ce
                    0x01ce                  _RTCCON1Hbits = 0x1ce
                    0x01d0                  RTCCON2L = 0x1d0
                    0x01d0                  _RTCCON2L = 0x1d0
                    0x01d0                  _RTCCON2Lbits = 0x1d0
                    0x01d2                  RTCCON2H = 0x1d2
                    0x01d2                  _RTCCON2H = 0x1d2
                    0x01d4                  RTCCON3L = 0x1d4
                    0x01d4                  _RTCCON3L = 0x1d4
                    0x01d4                  _RTCCON3Lbits = 0x1d4
                    0x01d8                  RTCSTATL = 0x1d8
                    0x01d8                  _RTCSTATL = 0x1d8
                    0x01d8                  _RTCSTATLbits = 0x1d8
                    0x01dc                  TIMEL = 0x1dc
                    0x01dc                  _TIMEL = 0x1dc
                    0x01dc                  _TIMELbits = 0x1dc
                    0x01de                  TIMEH = 0x1de
                    0x01de                  _TIMEH = 0x1de
                    0x01de                  _TIMEHbits = 0x1de
                    0x01e0                  DATEL = 0x1e0
                    0x01e0                  _DATEL = 0x1e0
                    0x01e0                  _DATELbits = 0x1e0
                    0x01e2                  DATEH = 0x1e2
                    0x01e2                  _DATEH = 0x1e2
                    0x01e2                  _DATEHbits = 0x1e2
                    0x01e4                  ALMTIMEL = 0x1e4
                    0x01e4                  _ALMTIMEL = 0x1e4
                    0x01e4                  _ALMTIMELbits = 0x1e4
                    0x01e6                  ALMTIMEH = 0x1e6
                    0x01e6                  _ALMTIMEH = 0x1e6
                    0x01e6                  _ALMTIMEHbits = 0x1e6
                    0x01e8                  ALMDATEL = 0x1e8
                    0x01e8                  _ALMDATEL = 0x1e8
                    0x01e8                  _ALMDATELbits = 0x1e8
                    0x01ea                  ALMDATEH = 0x1ea
                    0x01ea                  _ALMDATEH = 0x1ea
                    0x01ea                  _ALMDATEHbits = 0x1ea
                    0x01ec                  TSATIMEL = 0x1ec
                    0x01ec                  _TSATIMEL = 0x1ec
                    0x01ec                  _TSATIMELbits = 0x1ec
                    0x01ee                  TSATIMEH = 0x1ee
                    0x01ee                  _TSATIMEH = 0x1ee
                    0x01ee                  _TSATIMEHbits = 0x1ee
                    0x01f0                  TSADATEL = 0x1f0
                    0x01f0                  _TSADATEL = 0x1f0
                    0x01f0                  _TSADATELbits = 0x1f0
                    0x01f2                  TSADATEH = 0x1f2
                    0x01f2                  _TSADATEH = 0x1f2
                    0x01f2                  _TSADATEHbits = 0x1f2
                    0x0200                  IC1CON1 = 0x200
                    0x0200                  _IC1CON1 = 0x200
                    0x0200                  _IC1CON1bits = 0x200
                    0x0202                  IC1CON2 = 0x202
                    0x0202                  _IC1CON2 = 0x202
                    0x0202                  _IC1CON2bits = 0x202
                    0x0204                  IC1BUF = 0x204
                    0x0204                  _IC1BUF = 0x204
                    0x0206                  IC1TMR = 0x206
                    0x0206                  _IC1TMR = 0x206
                    0x0208                  IC2CON1 = 0x208
                    0x0208                  _IC2CON1 = 0x208
                    0x0208                  _IC2CON1bits = 0x208
                    0x020a                  IC2CON2 = 0x20a
                    0x020a                  _IC2CON2 = 0x20a
                    0x020a                  _IC2CON2bits = 0x20a
                    0x020c                  IC2BUF = 0x20c
                    0x020c                  _IC2BUF = 0x20c
                    0x020e                  IC2TMR = 0x20e
                    0x020e                  _IC2TMR = 0x20e
                    0x0210                  IC3CON1 = 0x210
                    0x0210                  _IC3CON1 = 0x210
                    0x0210                  _IC3CON1bits = 0x210
                    0x0212                  IC3CON2 = 0x212
                    0x0212                  _IC3CON2 = 0x212
                    0x0212                  _IC3CON2bits = 0x212
                    0x0214                  IC3BUF = 0x214
                    0x0214                  _IC3BUF = 0x214
                    0x0216                  IC3TMR = 0x216
                    0x0216                  _IC3TMR = 0x216
                    0x0230                  OC1CON1 = 0x230
                    0x0230                  _OC1CON1 = 0x230
                    0x0230                  _OC1CON1bits = 0x230
                    0x0232                  OC1CON2 = 0x232
                    0x0232                  _OC1CON2 = 0x232
                    0x0232                  _OC1CON2bits = 0x232
                    0x0234                  OC1RS = 0x234
                    0x0234                  _OC1RS = 0x234
                    0x0236                  OC1R = 0x236
                    0x0236                  _OC1R = 0x236
                    0x0238                  OC1TMR = 0x238
                    0x0238                  _OC1TMR = 0x238
                    0x023a                  OC2CON1 = 0x23a
                    0x023a                  _OC2CON1 = 0x23a
                    0x023a                  _OC2CON1bits = 0x23a
                    0x023c                  OC2CON2 = 0x23c
                    0x023c                  _OC2CON2 = 0x23c
                    0x023c                  _OC2CON2bits = 0x23c
                    0x023e                  OC2RS = 0x23e
                    0x023e                  _OC2RS = 0x23e
                    0x0240                  OC2R = 0x240
                    0x0240                  _OC2R = 0x240
                    0x0242                  OC2TMR = 0x242
                    0x0242                  _OC2TMR = 0x242
                    0x0244                  OC3CON1 = 0x244
                    0x0244                  _OC3CON1 = 0x244
                    0x0244                  _OC3CON1bits = 0x244
                    0x0246                  OC3CON2 = 0x246
                    0x0246                  _OC3CON2 = 0x246
                    0x0246                  _OC3CON2bits = 0x246
                    0x0248                  OC3RS = 0x248
                    0x0248                  _OC3RS = 0x248
                    0x024a                  OC3R = 0x24a
                    0x024a                  _OC3R = 0x24a
                    0x024c                  OC3TMR = 0x24c
                    0x024c                  _OC3TMR = 0x24c
                    0x026c                  CCP1CON1L = 0x26c
                    0x026c                  _CCP1CON1L = 0x26c
                    0x026c                  _CCP1CON1Lbits = 0x26c
                    0x026e                  CCP1CON1H = 0x26e
                    0x026e                  _CCP1CON1H = 0x26e
                    0x026e                  _CCP1CON1Hbits = 0x26e
                    0x0270                  CCP1CON2L = 0x270
                    0x0270                  _CCP1CON2L = 0x270
                    0x0270                  _CCP1CON2Lbits = 0x270
                    0x0272                  CCP1CON2H = 0x272
                    0x0272                  _CCP1CON2H = 0x272
                    0x0272                  _CCP1CON2Hbits = 0x272
                    0x0274                  CCP1CON3L = 0x274
                    0x0274                  _CCP1CON3L = 0x274
                    0x0274                  _CCP1CON3Lbits = 0x274
                    0x0276                  CCP1CON3H = 0x276
                    0x0276                  _CCP1CON3H = 0x276
                    0x0276                  _CCP1CON3Hbits = 0x276
                    0x0278                  CCP1STAT = 0x278
                    0x0278                  _CCP1STAT = 0x278
                    0x0278                  _CCP1STATbits = 0x278
                    0x0278                  CCP1STATL = 0x278
                    0x0278                  _CCP1STATL = 0x278
                    0x0278                  _CCP1STATLbits = 0x278
                    0x027a                  CCP1STATH = 0x27a
                    0x027a                  _CCP1STATH = 0x27a
                    0x027a                  _CCP1STATHbits = 0x27a
                    0x027c                  CCP1TMRL = 0x27c
                    0x027c                  _CCP1TMRL = 0x27c
                    0x027e                  CCP1TMRH = 0x27e
                    0x027e                  _CCP1TMRH = 0x27e
                    0x0280                  CCP1PRL = 0x280
                    0x0280                  _CCP1PRL = 0x280
                    0x0282                  CCP1PRH = 0x282
                    0x0282                  _CCP1PRH = 0x282
                    0x0284                  CCP1RA = 0x284
                    0x0284                  _CCP1RA = 0x284
                    0x0284                  CCP1RAL = 0x284
                    0x0284                  _CCP1RAL = 0x284
                    0x0286                  CCP1RAH = 0x286
                    0x0286                  _CCP1RAH = 0x286
                    0x0288                  CCP1RB = 0x288
                    0x0288                  _CCP1RB = 0x288
                    0x0288                  CCP1RBL = 0x288
                    0x0288                  _CCP1RBL = 0x288
                    0x028a                  CCP1RBH = 0x28a
                    0x028a                  _CCP1RBH = 0x28a
                    0x028c                  CCP1BUFL = 0x28c
                    0x028c                  _CCP1BUFL = 0x28c
                    0x028e                  CCP1BUFH = 0x28e
                    0x028e                  _CCP1BUFH = 0x28e
                    0x0290                  CCP2CON1L = 0x290
                    0x0290                  _CCP2CON1L = 0x290
                    0x0290                  _CCP2CON1Lbits = 0x290
                    0x0292                  CCP2CON1H = 0x292
                    0x0292                  _CCP2CON1H = 0x292
                    0x0292                  _CCP2CON1Hbits = 0x292
                    0x0294                  CCP2CON2L = 0x294
                    0x0294                  _CCP2CON2L = 0x294
                    0x0294                  _CCP2CON2Lbits = 0x294
                    0x0296                  CCP2CON2H = 0x296
                    0x0296                  _CCP2CON2H = 0x296
                    0x0296                  _CCP2CON2Hbits = 0x296
                    0x029a                  CCP2CON3H = 0x29a
                    0x029a                  _CCP2CON3H = 0x29a
                    0x029a                  _CCP2CON3Hbits = 0x29a
                    0x029c                  CCP2STAT = 0x29c
                    0x029c                  _CCP2STAT = 0x29c
                    0x029c                  _CCP2STATbits = 0x29c
                    0x029c                  CCP2STATL = 0x29c
                    0x029c                  _CCP2STATL = 0x29c
                    0x029c                  _CCP2STATLbits = 0x29c
                    0x029e                  CCP2STATH = 0x29e
                    0x029e                  _CCP2STATH = 0x29e
                    0x029e                  _CCP2STATHbits = 0x29e
                    0x02a0                  CCP2TMRL = 0x2a0
                    0x02a0                  _CCP2TMRL = 0x2a0
                    0x02a2                  CCP2TMRH = 0x2a2
                    0x02a2                  _CCP2TMRH = 0x2a2
                    0x02a4                  CCP2PRL = 0x2a4
                    0x02a4                  _CCP2PRL = 0x2a4
                    0x02a6                  CCP2PRH = 0x2a6
                    0x02a6                  _CCP2PRH = 0x2a6
                    0x02a8                  CCP2RA = 0x2a8
                    0x02a8                  _CCP2RA = 0x2a8
                    0x02a8                  CCP2RAL = 0x2a8
                    0x02a8                  _CCP2RAL = 0x2a8
                    0x02aa                  CCP2RAH = 0x2aa
                    0x02aa                  _CCP2RAH = 0x2aa
                    0x02ac                  CCP2RB = 0x2ac
                    0x02ac                  _CCP2RB = 0x2ac
                    0x02ac                  CCP2RBL = 0x2ac
                    0x02ac                  _CCP2RBL = 0x2ac
                    0x02ae                  CCP2RBH = 0x2ae
                    0x02ae                  _CCP2RBH = 0x2ae
                    0x02b0                  CCP2BUFL = 0x2b0
                    0x02b0                  _CCP2BUFL = 0x2b0
                    0x02b2                  CCP2BUFH = 0x2b2
                    0x02b2                  _CCP2BUFH = 0x2b2
                    0x02b4                  CCP3CON1L = 0x2b4
                    0x02b4                  _CCP3CON1L = 0x2b4
                    0x02b4                  _CCP3CON1Lbits = 0x2b4
                    0x02b6                  CCP3CON1H = 0x2b6
                    0x02b6                  _CCP3CON1H = 0x2b6
                    0x02b6                  _CCP3CON1Hbits = 0x2b6
                    0x02b8                  CCP3CON2L = 0x2b8
                    0x02b8                  _CCP3CON2L = 0x2b8
                    0x02b8                  _CCP3CON2Lbits = 0x2b8
                    0x02ba                  CCP3CON2H = 0x2ba
                    0x02ba                  _CCP3CON2H = 0x2ba
                    0x02ba                  _CCP3CON2Hbits = 0x2ba
                    0x02be                  CCP3CON3H = 0x2be
                    0x02be                  _CCP3CON3H = 0x2be
                    0x02be                  _CCP3CON3Hbits = 0x2be
                    0x02c0                  CCP3STAT = 0x2c0
                    0x02c0                  _CCP3STAT = 0x2c0
                    0x02c0                  _CCP3STATbits = 0x2c0
                    0x02c0                  CCP3STATL = 0x2c0
                    0x02c0                  _CCP3STATL = 0x2c0
                    0x02c0                  _CCP3STATLbits = 0x2c0
                    0x02c2                  CCP3STATH = 0x2c2
                    0x02c2                  _CCP3STATH = 0x2c2
                    0x02c2                  _CCP3STATHbits = 0x2c2
                    0x02c4                  CCP3TMRL = 0x2c4
                    0x02c4                  _CCP3TMRL = 0x2c4
                    0x02c6                  CCP3TMRH = 0x2c6
                    0x02c6                  _CCP3TMRH = 0x2c6
                    0x02c8                  CCP3PRL = 0x2c8
                    0x02c8                  _CCP3PRL = 0x2c8
                    0x02ca                  CCP3PRH = 0x2ca
                    0x02ca                  _CCP3PRH = 0x2ca
                    0x02cc                  CCP3RA = 0x2cc
                    0x02cc                  _CCP3RA = 0x2cc
                    0x02cc                  CCP3RAL = 0x2cc
                    0x02cc                  _CCP3RAL = 0x2cc
                    0x02ce                  CCP3RAH = 0x2ce
                    0x02ce                  _CCP3RAH = 0x2ce
                    0x02d0                  CCP3RB = 0x2d0
                    0x02d0                  _CCP3RB = 0x2d0
                    0x02d0                  CCP3RBL = 0x2d0
                    0x02d0                  _CCP3RBL = 0x2d0
                    0x02d2                  CCP3RBH = 0x2d2
                    0x02d2                  _CCP3RBH = 0x2d2
                    0x02d4                  CCP3BUFL = 0x2d4
                    0x02d4                  _CCP3BUFL = 0x2d4
                    0x02d6                  CCP3BUFH = 0x2d6
                    0x02d6                  _CCP3BUFH = 0x2d6
                    0x02e6                  CMSTAT = 0x2e6
                    0x02e6                  _CMSTAT = 0x2e6
                    0x02e6                  _CMSTATbits = 0x2e6
                    0x02e8                  CVRCON = 0x2e8
                    0x02e8                  _CVRCON = 0x2e8
                    0x02e8                  _CVRCONbits = 0x2e8
                    0x02ea                  CM1CON = 0x2ea
                    0x02ea                  _CM1CON = 0x2ea
                    0x02ea                  _CM1CONbits = 0x2ea
                    0x02ec                  CM2CON = 0x2ec
                    0x02ec                  _CM2CON = 0x2ec
                    0x02ec                  _CM2CONbits = 0x2ec
                    0x02ee                  CM3CON = 0x2ee
                    0x02ee                  _CM3CON = 0x2ee
                    0x02ee                  _CM3CONbits = 0x2ee
                    0x02f4                  ANCFG = 0x2f4
                    0x02f4                  _ANCFG = 0x2f4
                    0x02f4                  _ANCFGbits = 0x2f4
                    0x0300                  CCP4CON1L = 0x300
                    0x0300                  _CCP4CON1L = 0x300
                    0x0300                  _CCP4CON1Lbits = 0x300
                    0x0302                  CCP4CON1H = 0x302
                    0x0302                  _CCP4CON1H = 0x302
                    0x0302                  _CCP4CON1Hbits = 0x302
                    0x0304                  CCP4CON2L = 0x304
                    0x0304                  _CCP4CON2L = 0x304
                    0x0304                  _CCP4CON2Lbits = 0x304
                    0x0306                  CCP4CON2H = 0x306
                    0x0306                  _CCP4CON2H = 0x306
                    0x0306                  _CCP4CON2Hbits = 0x306
                    0x030a                  CCP4CON3H = 0x30a
                    0x030a                  _CCP4CON3H = 0x30a
                    0x030a                  _CCP4CON3Hbits = 0x30a
                    0x030c                  CCP4STAT = 0x30c
                    0x030c                  _CCP4STAT = 0x30c
                    0x030c                  _CCP4STATbits = 0x30c
                    0x030c                  CCP4STATL = 0x30c
                    0x030c                  _CCP4STATL = 0x30c
                    0x030c                  _CCP4STATLbits = 0x30c
                    0x030e                  CCP4STATH = 0x30e
                    0x030e                  _CCP4STATH = 0x30e
                    0x030e                  _CCP4STATHbits = 0x30e
                    0x0310                  CCP4TMRL = 0x310
                    0x0310                  _CCP4TMRL = 0x310
                    0x0312                  CCP4TMRH = 0x312
                    0x0312                  _CCP4TMRH = 0x312
                    0x0314                  CCP4PRL = 0x314
                    0x0314                  _CCP4PRL = 0x314
                    0x0316                  CCP4PRH = 0x316
                    0x0316                  _CCP4PRH = 0x316
                    0x0318                  CCP4RA = 0x318
                    0x0318                  _CCP4RA = 0x318
                    0x0318                  CCP4RAL = 0x318
                    0x0318                  _CCP4RAL = 0x318
                    0x031a                  CCP4RAH = 0x31a
                    0x031a                  _CCP4RAH = 0x31a
                    0x031c                  CCP4RB = 0x31c
                    0x031c                  _CCP4RB = 0x31c
                    0x031c                  CCP4RBL = 0x31c
                    0x031c                  _CCP4RBL = 0x31c
                    0x031e                  CCP4RBH = 0x31e
                    0x031e                  _CCP4RBH = 0x31e
                    0x0320                  CCP4BUFL = 0x320
                    0x0320                  _CCP4BUFL = 0x320
                    0x0322                  CCP4BUFH = 0x322
                    0x0322                  _CCP4BUFH = 0x322
                    0x0398                  U1MODE = 0x398
                    0x0398                  _U1MODE = 0x398
                    0x0398                  _U1MODEbits = 0x398
                    0x039a                  U1STA = 0x39a
                    0x039a                  _U1STA = 0x39a
                    0x039a                  _U1STAbits = 0x39a
                    0x039c                  U1TXREG = 0x39c
                    0x039c                  _U1TXREG = 0x39c
                    0x039c                  _U1TXREGbits = 0x39c
                    0x039e                  U1RXREG = 0x39e
                    0x039e                  _U1RXREG = 0x39e
                    0x03a0                  U1BRG = 0x3a0
                    0x03a0                  _U1BRG = 0x3a0
                    0x03a2                  U1ADMD = 0x3a2